WARNING: using Molly.potential_energy in module Main conflicts with an existing identifier.
┌ Warning: Molly CubicBoundary assumes origin at (0, 0, 0)
└ @ Molly ~/.julia/packages/Molly/Otudu/src/types.jl:1236
┌ Info: Temperature history:
│   sys_md.loggers.temp.history =
│    1001-element Vector{Quantity{Float64, 𝚯, Unitful.FreeUnits{(K,), 𝚯, nothing}}}:
│     2320.11184590503 K
│     1469.1893602146927 K
│      523.8573313117037 K
│      936.4576309802213 K
│        ⋮
│     2067.460217713042 K
│     2102.781302919209 K
└     2164.47887673607 K
┌ Info: Energy history:
│   sys_md.loggers.energy.history =
│    1001-element Vector{Quantity{Float64, 𝐋^2 𝐌 𝐓^-2, Unitful.FreeUnits{(eV,), 𝐋^2 𝐌 𝐓^-2, nothing}}}:
│     -3198.1653464670558 eV
│     -3166.9794161231594 eV
│     -3134.4160965622254 eV
│     -3143.6194724681945 eV
│         ⋮
│     -3129.516360274333 eV
│     -3129.448106592146 eV
└     -3129.3843290180616 eV
[ Info: Trajectory saved to /storage/astro2/phupfb/PhD/acestuff/ACEWorkflow/models/W_20_4_5A_3/results/NPT_50000_steps_0.5_fs_dt_2200.0_K_0.002_per_fs_friction_unc_5.0_GPa/md_trajectory.extxyz (1001 frames)
[ Info: Cluster analysis summary:
[ Info:   Min pair distance (all frames): 2.193381024440381 Å
[ Info:   Max coordination number seen:   14
[ Info:   Max cluster size seen:          2 atoms
┌ Warning: Atoms came closer than 2.2 Å — possible unphysical overlap!
└ @ Main /storage/astro2/phupfb/PhD/acestuff/ACEWorkflow/scripts/repulsive_core/md_example.jl:278
