WARNING: using Molly.potential_energy in module Main conflicts with an existing identifier.
┌ Warning: Molly CubicBoundary assumes origin at (0, 0, 0)
└ @ Molly ~/.julia/packages/Molly/Otudu/src/types.jl:1236
┌ Info: Temperature history:
│   sys_md.loggers.temp.history =
│    1001-element Vector{Quantity{Float64, 𝚯, Unitful.FreeUnits{(K,), 𝚯, nothing}}}:
│     2242.8957650173606 K
│     1492.5441028461992 K
│      720.7249730094588 K
│     1116.6395102198937 K
│        ⋮
│     2123.365049866079 K
│     2088.601678616122 K
└     2272.990536747547 K
┌ Info: Energy history:
│   sys_md.loggers.energy.history =
│    1001-element Vector{Quantity{Float64, 𝐋^2 𝐌 𝐓^-2, Unitful.FreeUnits{(eV,), 𝐋^2 𝐌 𝐓^-2, nothing}}}:
│     -3169.1988829932243 eV
│     -3142.4555751614607 eV
│     -3115.8687769922526 eV
│     -3124.6275487821035 eV
│         ⋮
│     -3090.349884069098 eV
│     -3089.9387777062175 eV
└     -3096.261662364416 eV
[ Info: Trajectory saved to /storage/astro2/phupfb/PhD/acestuff/ACEWorkflow/models/W_20_4_5A_3/results/NPT_50000_steps_0.5_fs_dt_2200.0_K_0.002_per_fs_friction_con_0.5_GPa/md_trajectory.extxyz (1001 frames)
[ Info: Cluster analysis summary:
[ Info:   Min pair distance (all frames): 2.2054330774538884 Å
[ Info:   Max coordination number seen:   14
[ Info:   Max cluster size seen:          1 atoms
[ Info: No atoms closer than 2.2 Å — no clustering detected.
