WARNING: using Molly.potential_energy in module Main conflicts with an existing identifier.
┌ Warning: Molly CubicBoundary assumes origin at (0, 0, 0)
└ @ Molly ~/.julia/packages/Molly/Otudu/src/types.jl:1236
┌ Info: Temperature history:
│   sys_md.loggers.temp.history =
│    1001-element Vector{Quantity{Float64, 𝚯, Unitful.FreeUnits{(K,), 𝚯, nothing}}}:
│     2116.8622783913106 K
│     1372.4063230637014 K
│      665.8862906592216 K
│     1088.6173831861186 K
│        ⋮
│     2135.7630628546735 K
│     2164.2273629486376 K
└     2132.3552852456046 K
┌ Info: Energy history:
│   sys_md.loggers.energy.history =
│    1001-element Vector{Quantity{Float64, 𝐋^2 𝐌 𝐓^-2, Unitful.FreeUnits{(eV,), 𝐋^2 𝐌 𝐓^-2, nothing}}}:
│     -3169.1988829932243 eV
│     -3144.3251365139636 eV
│     -3118.0485304874555 eV
│     -3126.1564670409293 eV
│         ⋮
│     -3093.8203147506774 eV
│     -3094.335169549536 eV
└     -3092.7496104600114 eV
[ Info: Trajectory saved to /storage/astro2/phupfb/PhD/acestuff/ACEWorkflow/models/W_20_4_5A_3/results/NPT_50000_steps_0.5_fs_dt_2200.0_K_0.002_per_fs_friction_con_5.0_GPa/md_trajectory.extxyz (1001 frames)
[ Info: Cluster analysis summary:
[ Info:   Min pair distance (all frames): 2.214713475886309 Å
[ Info:   Max coordination number seen:   14
[ Info:   Max cluster size seen:          1 atoms
[ Info: No atoms closer than 2.2 Å — no clustering detected.
