WARNING: using Molly.potential_energy in module Main conflicts with an existing identifier.
┌ Warning: Molly CubicBoundary assumes origin at (0, 0, 0)
└ @ Molly ~/.julia/packages/Molly/Otudu/src/types.jl:1236
┌ Info: Temperature history:
│   sys_md.loggers.temp.history =
│    1001-element Vector{Quantity{Float64, 𝚯, Unitful.FreeUnits{(K,), 𝚯, nothing}}}:
│     3841.3793912903334 K
│     2356.203540558806 K
│      983.1927806998759 K
│     1761.7450437159264 K
│        ⋮
│     3879.1764192841993 K
│     3620.65417728983 K
└     3827.0108671779035 K
┌ Info: Energy history:
│   sys_md.loggers.energy.history =
│    1001-element Vector{Quantity{Float64, 𝐋^2 𝐌 𝐓^-2, Unitful.FreeUnits{(eV,), 𝐋^2 𝐌 𝐓^-2, nothing}}}:
│     -3198.1653464670558 eV
│     -3148.7807105542834 eV
│     -3096.449613481141 eV
│     -3112.9576662951013 eV
│         ⋮
│     -1486.7951165139225 eV
│     -1475.620990666681 eV
└     -1480.5721868149662 eV
[ Info: Trajectory saved to /storage/astro2/phupfb/PhD/acestuff/ACEWorkflow/models/W_20_4_5A_3/results/NPT_50000_steps_0.5_fs_dt_3600.0_K_0.002_per_fs_friction_unc_500.0_GPa/md_trajectory.extxyz (1001 frames)
[ Info: Cluster analysis summary:
[ Info:   Min pair distance (all frames): 0.13979725700790663 Å
[ Info:   Max coordination number seen:   42
[ Info:   Max cluster size seen:          199 atoms
┌ Warning: Atoms came closer than 2.2 Å — possible unphysical overlap!
└ @ Main /storage/astro2/phupfb/PhD/acestuff/ACEWorkflow/scripts/repulsive_core/md_example.jl:278
