WARNING: using Molly.potential_energy in module Main conflicts with an existing identifier.
┌ Warning: Molly CubicBoundary assumes origin at (0, 0, 0)
└ @ Molly ~/.julia/packages/Molly/Otudu/src/types.jl:1236
┌ Info: Temperature history:
│   sys_md.loggers.temp.history =
│    1001-element Vector{Quantity{Float64, 𝚯, Unitful.FreeUnits{(K,), 𝚯, nothing}}}:
│     3789.1337424218336 K
│     2389.2022668725244 K
│     1151.537853478094 K
│     1986.063092253977 K
│        ⋮
│     3450.817472236314 K
│     3550.9462498428234 K
└     3601.2150539628065 K
┌ Info: Energy history:
│   sys_md.loggers.energy.history =
│    1001-element Vector{Quantity{Float64, 𝐋^2 𝐌 𝐓^-2, Unitful.FreeUnits{(eV,), 𝐋^2 𝐌 𝐓^-2, nothing}}}:
│     -3169.1988829932243 eV
│     -3123.4941552547016 eV
│     -3076.0317663024407 eV
│     -3096.8628356722834 eV
│         ⋮
│     -2894.6246867227323 eV
│     -2901.299670972115 eV
└     -2882.527910348675 eV
[ Info: Trajectory saved to /storage/astro2/phupfb/PhD/acestuff/ACEWorkflow/models/W_20_4_5A_3/results/NPT_50000_steps_0.5_fs_dt_3600.0_K_0.002_per_fs_friction_con_100.0_GPa/md_trajectory.extxyz (1001 frames)
[ Info: Cluster analysis summary:
[ Info:   Min pair distance (all frames): 1.0967646747599618 Å
[ Info:   Max coordination number seen:   17
[ Info:   Max cluster size seen:          49 atoms
┌ Warning: Atoms came closer than 2.2 Å — possible unphysical overlap!
└ @ Main /storage/astro2/phupfb/PhD/acestuff/ACEWorkflow/scripts/repulsive_core/md_example.jl:278
