WARNING: using Molly.potential_energy in module Main conflicts with an existing identifier.
┌ Warning: Molly CubicBoundary assumes origin at (0, 0, 0)
└ @ Molly ~/.julia/packages/Molly/Otudu/src/types.jl:1236
┌ Info: Temperature history:
│   sys_md.loggers.temp.history =
│    1001-element Vector{Quantity{Float64, 𝚯, Unitful.FreeUnits{(K,), 𝚯, nothing}}}:
│     2196.3403452265215 K
│     1414.8456388883428 K
│      564.8514218216857 K
│      981.7829141110594 K
│        ⋮
│     2110.0748314493867 K
│     2443.2727991512497 K
└     2423.895574174907 K
┌ Info: Energy history:
│   sys_md.loggers.energy.history =
│    1001-element Vector{Quantity{Float64, 𝐋^2 𝐌 𝐓^-2, Unitful.FreeUnits{(eV,), 𝐋^2 𝐌 𝐓^-2, nothing}}}:
│     -3198.1653464670558 eV
│     -3170.1556212712485 eV
│     -3137.73422999394 eV
│     -3144.7399268334993 eV
│         ⋮
│     -1523.819969515316 eV
│     -1551.7822680384256 eV
└     -1549.140842572986 eV
[ Info: Trajectory saved to /storage/astro2/phupfb/PhD/acestuff/ACEWorkflow/models/W_20_4_5A_3/results/NPT_50000_steps_0.5_fs_dt_2200.0_K_0.002_per_fs_friction_unc_500.0_GPa/md_trajectory.extxyz (1001 frames)
[ Info: Cluster analysis summary:
[ Info:   Min pair distance (all frames): 0.12274385291256497 Å
[ Info:   Max coordination number seen:   42
[ Info:   Max cluster size seen:          201 atoms
┌ Warning: Atoms came closer than 2.2 Å — possible unphysical overlap!
└ @ Main /storage/astro2/phupfb/PhD/acestuff/ACEWorkflow/scripts/repulsive_core/md_example.jl:278
