WARNING: using Molly.potential_energy in module Main conflicts with an existing identifier.
┌ Warning: Molly CubicBoundary assumes origin at (0, 0, 0)
└ @ Molly ~/.julia/packages/Molly/Otudu/src/types.jl:1236
┌ Info: Temperature history:
│   sys_md.loggers.temp.history =
│    1001-element Vector{Quantity{Float64, 𝚯, Unitful.FreeUnits{(K,), 𝚯, nothing}}}:
│     3713.6576435122874 K
│     2243.8262444607876 K
│     1035.7672798862113 K
│     1563.1265683127074 K
│        ⋮
│     3707.5843129582945 K
│     3463.9308081596355 K
└     3647.2147482655882 K
┌ Info: Energy history:
│   sys_md.loggers.energy.history =
│    1001-element Vector{Quantity{Float64, 𝐋^2 𝐌 𝐓^-2, Unitful.FreeUnits{(eV,), 𝐋^2 𝐌 𝐓^-2, nothing}}}:
│     -3198.1653464670558 eV
│     -3152.4647029935654 eV
│     -3105.3796762214224 eV
│     -3116.266243904263 eV
│         ⋮
│     -2921.089776611287 eV
│     -2902.8714456309704 eV
└     -2909.390628043374 eV
[ Info: Trajectory saved to /storage/astro2/phupfb/PhD/acestuff/ACEWorkflow/models/W_20_4_5A_3/results/NPT_50000_steps_0.5_fs_dt_3600.0_K_0.002_per_fs_friction_unc_100.0_GPa/md_trajectory.extxyz (1001 frames)
[ Info: Cluster analysis summary:
[ Info:   Min pair distance (all frames): 1.0123176006362637 Å
[ Info:   Max coordination number seen:   17
[ Info:   Max cluster size seen:          88 atoms
┌ Warning: Atoms came closer than 2.2 Å — possible unphysical overlap!
└ @ Main /storage/astro2/phupfb/PhD/acestuff/ACEWorkflow/scripts/repulsive_core/md_example.jl:278
