WARNING: using Molly.potential_energy in module Main conflicts with an existing identifier.
┌ Warning: Molly CubicBoundary assumes origin at (0, 0, 0)
└ @ Molly ~/.julia/packages/Molly/Otudu/src/types.jl:1236
┌ Info: Temperature history:
│   sys_md.loggers.temp.history =
│    1001-element Vector{Quantity{Float64, 𝚯, Unitful.FreeUnits{(K,), 𝚯, nothing}}}:
│     2151.2314190699162 K
│     1415.6810758824538 K
│      568.0174418031015 K
│     1048.5622505994777 K
│        ⋮
│     1975.3248930881061 K
│     1950.2444912554943 K
└     2121.3734679339004 K
┌ Info: Energy history:
│   sys_md.loggers.energy.history =
│    1001-element Vector{Quantity{Float64, 𝐋^2 𝐌 𝐓^-2, Unitful.FreeUnits{(eV,), 𝐋^2 𝐌 𝐓^-2, nothing}}}:
│     -3198.1653464670558 eV
│     -3170.3703411466577 eV
│     -3135.4580264144024 eV
│     -3143.473680679769 eV
│         ⋮
│     -2951.8704549158415 eV
│     -2951.254562707586 eV
└     -2957.4447646798935 eV
[ Info: Trajectory saved to /storage/astro2/phupfb/PhD/acestuff/ACEWorkflow/models/W_20_4_5A_3/results/NPT_50000_steps_0.5_fs_dt_2200.0_K_0.002_per_fs_friction_unc_100.0_GPa/md_trajectory.extxyz (1001 frames)
[ Info: Cluster analysis summary:
[ Info:   Min pair distance (all frames): 0.9715021933066033 Å
[ Info:   Max coordination number seen:   17
[ Info:   Max cluster size seen:          88 atoms
┌ Warning: Atoms came closer than 2.2 Å — possible unphysical overlap!
└ @ Main /storage/astro2/phupfb/PhD/acestuff/ACEWorkflow/scripts/repulsive_core/md_example.jl:278
