WARNING: using Molly.potential_energy in module Main conflicts with an existing identifier.
┌ Warning: Molly CubicBoundary assumes origin at (0, 0, 0)
└ @ Molly ~/.julia/packages/Molly/Otudu/src/types.jl:1236
┌ Info: Temperature history:
│   sys_md.loggers.temp.history =
│    2001-element Vector{Quantity{Float64, 𝚯, Unitful.FreeUnits{(K,), 𝚯, nothing}}}:
│     469.00566908889465 K
│     231.22683403286618 K
│     289.6606521877436 K
│     318.2385169243408 K
│       ⋮
│     463.97640716446494 K
│     477.841024269207 K
└     470.37514664435605 K
┌ Info: Energy history:
│   sys_md.loggers.energy.history =
│    2001-element Vector{Quantity{Float64, 𝐋^2 𝐌 𝐓^-2, Unitful.FreeUnits{(eV,), 𝐋^2 𝐌 𝐓^-2, nothing}}}:
│     -400.2930078012694 eV
│     -396.6043939491295 eV
│     -396.57513855004004 eV
│     -396.41963949774447 eV
│        ⋮
│     -393.02806868458293 eV
│     -393.3677044666426 eV
└     -393.3434333669999 eV
[ Info: Trajectory saved to /storage/astro2/phupfb/PhD/acestuff/ACEWorkflow/models/Al_12_4_6A_2_subset_10_percent/results/constrained_100000.0_fs_NVT/md_trajectory.extxyz (2001 frames)
[ Info: Cluster analysis summary:
[ Info:   Min pair distance (all frames): 2.320503561705244 Å
[ Info:   Max coordination number seen:   13
[ Info:   Max cluster size seen:          1 atoms
[ Info: No atoms closer than 2.2 Å — no clustering detected.
