WARNING: using Molly.potential_energy in module Main conflicts with an existing identifier.
┌ Warning: Molly CubicBoundary assumes origin at (0, 0, 0)
└ @ Molly ~/.julia/packages/Molly/Otudu/src/types.jl:1236
┌ Info: Temperature history:
│   sys_md.loggers.temp.history =
│    1001-element Vector{Quantity{Float64, 𝚯, Unitful.FreeUnits{(K,), 𝚯, nothing}}}:
│     3573.1606512164044 K
│     2319.702477492061 K
│     1014.759332217883 K
│     1525.6747728353726 K
│        ⋮
│     3419.029496074133 K
│     3554.1056535979546 K
└     3608.3447841457 K
┌ Info: Energy history:
│   sys_md.loggers.energy.history =
│    1001-element Vector{Quantity{Float64, 𝐋^2 𝐌 𝐓^-2, Unitful.FreeUnits{(eV,), 𝐋^2 𝐌 𝐓^-2, nothing}}}:
│     -3198.1653464670558 eV
│     -3151.992779056904 eV
│     -3104.0190349494706 eV
│     -3114.5771338546488 eV
│         ⋮
│     -3037.3782370829645 eV
│     -3040.1140200931004 eV
└     -3048.07629843957 eV
[ Info: Trajectory saved to /storage/astro2/phupfb/PhD/acestuff/ACEWorkflow/models/W_20_4_5A_3/results/NPT_50000_steps_0.5_fs_dt_3600.0_K_0.002_per_fs_friction_unc_1.0_GPa/md_trajectory.extxyz (1001 frames)
[ Info: Cluster analysis summary:
[ Info:   Min pair distance (all frames): 2.0627447152508087 Å
[ Info:   Max coordination number seen:   14
[ Info:   Max cluster size seen:          2 atoms
┌ Warning: Atoms came closer than 2.2 Å — possible unphysical overlap!
└ @ Main /storage/astro2/phupfb/PhD/acestuff/ACEWorkflow/scripts/repulsive_core/md_example.jl:278
